// Jest Snapshot v1, https://goo.gl/fbAQLP

exports[`Checks that the project list components remains unchanged 1`] = `
<span
  class="flex w-full items-center pr-6 pl-5 text-sm font-medium py-2 text-gray-600 hover:bg-black hover:text-white"
>
  <div
    class="flex-1 inline-flex items-center flex-nowrap space-x-1"
  >
    <svg
      aria-hidden="true"
      class="w-4 h-4"
      fill="currentColor"
      viewBox="0 0 24 24"
      xmlns="http://www.w3.org/2000/svg"
    >
      <path
        d="M5.625 1.5c-1.036 0-1.875.84-1.875 1.875v17.25c0 1.035.84 1.875 1.875 1.875h12.75c1.035 0 1.875-.84 1.875-1.875V12.75A3.75 3.75 0 0016.5 9h-1.875a1.875 1.875 0 01-1.875-1.875V5.25A3.75 3.75 0 009 1.5H5.625z"
      />
      <path
        d="M12.971 1.816A5.23 5.23 0 0114.25 5.25v1.875c0 .207.168.375.375.375H16.5a5.23 5.23 0 013.434 1.279 9.768 9.768 0 00-6.963-6.963z"
      />
    </svg>
    <span
      class="truncate"
    >
      New Project
    </span>
  </div>
  <svg
    aria-hidden="true"
    class="w-4 h-4"
    fill="currentColor"
    viewBox="0 0 24 24"
    xmlns="http://www.w3.org/2000/svg"
  >
    <path
      clip-rule="evenodd"
      d="M4.5 12a1.5 1.5 0 113 0 1.5 1.5 0 01-3 0zm6 0a1.5 1.5 0 113 0 1.5 1.5 0 01-3 0zm6 0a1.5 1.5 0 113 0 1.5 1.5 0 01-3 0z"
      fill-rule="evenodd"
    />
  </svg>
</span>
`;
