// Jest Snapshot v1, https://goo.gl/fbAQLP

exports[`It renders unchanged 1`] = `null`;
