// Jest Snapshot v1, https://goo.gl/fbAQLP

exports[`It renders unchanged 1`] = `
<div
  class="w-full transition-all duration-200 hover:-translate-x-1 hover:bg-primary/10"
  data-headlessui-state=""
  data-viewed="false"
>
  <button
    aria-expanded="false"
    class="flex items-center p-3 overflow-hidden w-full"
    data-headlessui-state=""
    id="headlessui-disclosure-button-:r1:"
    type="button"
  >
    <div
      class="w-10 flex justify-center text-primary items-center"
    >
      <svg
        aria-hidden="true"
        class="w-7 h-7 text-primary"
        fill="currentColor"
        viewBox="0 0 20 20"
        xmlns="http://www.w3.org/2000/svg"
      >
        <path
          d="M3 4a2 2 0 00-2 2v1.161l8.441 4.221a1.25 1.25 0 001.118 0L19 7.162V6a2 2 0 00-2-2H3z"
        />
        <path
          d="M19 8.839l-7.77 3.885a2.75 2.75 0 01-2.46 0L1 8.839V14a2 2 0 002 2h14a2 2 0 002-2V8.839z"
        />
      </svg>
    </div>
    <div
      class="flex flex-1 px-3 items-center justify-between"
    >
      <h6
        class="text-base truncate md:text-lg text-black font-medium"
      >
        This is an accordion
      </h6>
    </div>
  </button>
</div>
`;
